{"url": "https://www.tatamutualfund.com/system/files/2026-02/Tata%20India%20Dynamic%20Equity%20Fund%20Factsheet%20-%20Class%20A%20-%20Feb%2726.pdf", "http_status": 200, "success": true, "error_message": null, "scraped_at": "2026-08-19T07:44:46.260853+00:00"}
{"url": "https://giftcity.dspim.com/product", "http_status": 200, "success": true, "error_message": null, "scraped_at": "2026-08-19T07:44:48.011709+00:00"}
{"url": "https://gift.ppfas.com/product/outbound/parag_parikh_ifsc_s%26p_500_fof/pdf/Parag_Parikh_IFSC_S%26P_500-regular-factsheet.pdf", "http_status": 200, "success": true, "error_message": null, "scraped_at": "2026-08-19T07:44:54.617634+00:00"}
{"url": "https://gift.ppfas.com/product/outbound/parag_parikh_ifsc_nasdaq_100_fof/nav-history/", "http_status": 200, "success": true, "error_message": null, "scraped_at": "2026-08-19T07:44:59.551171+00:00"}
{"url": "https://www.edelweissmf.com/gift-city", "http_status": 200, "success": true, "error_message": null, "scraped_at": "2026-08-19T07:45:09.051670+00:00"}
{"url": "https://www.sundarammutual.com/pdf2/2026/Gift_City/India_Midcap_Gift_City_Fund_FactSheet_Apr_2026_V1.pdf", "http_status": 200, "success": true, "error_message": null, "scraped_at": "2026-08-19T07:45:10.605822+00:00"}
{"url": "https://giftcity.miraeassetmf.co.in/mirae-asset-global-allocation-fund.html", "http_status": 200, "success": true, "error_message": "NAV table is JS-rendered; static fields only extracted (by design, not a failure).", "scraped_at": "2026-08-19T07:45:13.545471+00:00"}
{"url": "https://www.bandhanamc.com/amcaccess/sites/default/files/2026-05/GIFT-Bandhan-India-Small-Cap-IFSC-Factsheet-Apr-26.pdf", "http_status": 200, "success": true, "error_message": null, "scraped_at": "2026-08-19T07:45:15.341175+00:00"}
{"url": "https://www.bandhanamc.com/amcaccess/sites/default/files/2025-11/Bandhan-India-Large-and-Midcap-IFSC-Factsheet-Nov-25.pdf", "http_status": 200, "success": true, "error_message": null, "scraped_at": "2026-08-19T07:45:17.464173+00:00"}
{"url": "https://marcellus.in/wp-content/uploads/gift-retail/marcellus_global_equities_fund_factsheet.pdf", "http_status": 200, "success": true, "error_message": null, "scraped_at": "2026-08-19T07:45:19.497298+00:00"}
{"url": "https://tequity.co.in/gift-city/pms/marcellus-gcp/", "http_status": null, "success": true, "error_message": "Static facts confirmed via Tequity's verified fund directory, not independently scraped from an official Marcellus page.", "scraped_at": "2026-08-19T07:45:21.682435+00:00"}
{"url": "https://tequity.co.in/gift-city/aif/edelweiss-india-multimanager/", "http_status": null, "success": true, "error_message": "Static facts confirmed via Tequity's verified fund directory, not independently scraped from an official Edelweiss page.", "scraped_at": "2026-08-19T07:45:22.683144+00:00"}
{"url": "https://tequity.co.in/gift-city/mutual-funds/", "http_status": null, "success": true, "error_message": "Fund confirmed to exist via Tequity's verified directory, but minimum investment/TER/exit load are explicitly marked not-yet-publicly-disclosed even by that source -- left NULL rather than guessed.", "scraped_at": "2026-08-19T07:45:23.683772+00:00"}
{"url": "https://tequity.co.in/gift-city/mutual-funds/", "http_status": null, "success": true, "error_message": "Fund confirmed to exist via Tequity's verified directory, but underlying fund, minimum investment, TER, and exit load are explicitly marked not-yet-confirmed even by that source -- left NULL rather than guessed.", "scraped_at": "2026-08-19T07:45:24.685344+00:00"}
{"url": "https://www.kalviroventures.com/motilal-oswal-gift-city-fund-nri-foreign-investors/", "http_status": null, "success": true, "error_message": "Static facts confirmed via multiple independent sources, not independently scraped from a single official page with live figures.", "scraped_at": "2026-08-19T07:45:25.686199+00:00"}
{"url": "https://www.barodabnpparibasmf.in/gift-us-small-cap-fund", "http_status": 200, "success": true, "error_message": null, "scraped_at": "2026-08-19T07:45:26.687184+00:00"}
{"url": "https://giftcity.nipponindiaim.com/giftcity_files/pdf/GIFT-CITY-Factsheet-Aug25.pdf", "http_status": 200, "success": true, "error_message": null, "scraped_at": "2026-08-19T07:45:29.229329+00:00"}
{"url": "https://www.altusifsc.com/upload/files/Quant%20Algorithmic%20Strategies%20Fund%20Week%2024.pdf", "http_status": 200, "success": true, "error_message": null, "scraped_at": "2026-08-19T07:45:30.870131+00:00"}
{"url": "https://www.nuvamaassetmanagement.com/public-markets.html", "http_status": 200, "success": true, "error_message": "NAV shown only as percentage returns on this page, not a dollar figure; left NULL by design.", "scraped_at": "2026-08-19T07:45:35.863202+00:00"}
{"url": "https://unifiinvestment.com/the-rangoli-india-fund/", "http_status": 200, "success": true, "error_message": "PMS structure -- NAV reported as CAGR/cumulative returns, not per-unit price; confirmed on official page: CAGR since inception 15% vs MSCI India benchmark 8% (as of scrape date, not stored numerically).", "scraped_at": "2026-08-19T07:45:37.460495+00:00"}
{"url": "https://phillipventuresifsc.com/assets/pdfs/product-services/global-portfolios/Monthly-Factsheet-Pioneer.pdf", "http_status": 200, "success": true, "error_message": "PMS structure -- NAV reported as returns, not per-unit price; left NULL by design.", "scraped_at": "2026-08-19T07:45:39.344000+00:00"}
{"url": "https://gift.ppfas.com/factsheet/2025/factsheet-nov-2025.pdf", "http_status": 200, "success": true, "error_message": "PMS structure -- NAV reported as returns, not per-unit price; left NULL by design.", "scraped_at": "2026-08-19T07:45:42.259899+00:00"}
{"url": "https://tequity.co.in/gift-city/mutual-funds/", "http_status": null, "success": true, "error_message": "Static facts confirmed via Tequity's verified fund directory, not independently scraped from an official PPFAS page.", "scraped_at": "2026-08-19T07:45:53.709322+00:00"}
{"url": "https://www.njmutualfund.com/njgiftcity/viewfile.php?file=NJIOF-Aug-26-NAV-20260817124710.xls", "http_status": 200, "success": true, "error_message": null, "scraped_at": "2026-08-19T07:45:54.710510+00:00"}
